PASS: 5000 texture load/unload cycles release COM objects and reuse handles
PASS: map camera floor results and balanced x87 stack over 600 rendered frames
PASS: C++ sprite vtable, pivot/scale/rotation and retained vertex attributes
PASS: C++ Actor exact init-data span and deferred-release byte writes/ABI
PASS: C++ animation signed durations, loop/hold, changed take, empty state and x86 wrap
PASS: shutdown tree recursion, sentinel preservation, frame payloads and repeatable manager clear
PASS: global stage owners, runtime receivers, shared ACT ownership and repeated clear
PASS: SE buffers, streaming pool, sound lookup sentinel and repeatable shutdown
PASS: GC Mark moves the node into the caller-owned chain without writing past its head
PASS: source SQObjectPtr error replacement, self-assignment, reset and numeric ownership
PASS: C++ ACT clock/ABI, time wrap, deferred sleep and stage cleanup
PASS: distinct global script receivers, root wrapper release and repeated shutdown
ball 0/0 active=1 visible=1 release=0 xy=95.3999,7.95997 callback=8000100
ball 0/1 active=1 visible=0 release=0 xy=110.3,238.16 callback=8000100
ball 0/2 active=1 visible=1 release=0 xy=105.5,117.2 callback=8000100
ball 0/3 active=1 visible=1 release=0 xy=99.3999,-36.0401 callback=8000100
PASS: ball generation 0
ball 1/0 active=1 visible=1 release=0 xy=95.3999,7.95997 callback=8000100
ball 1/1 active=1 visible=0 release=0 xy=110.3,238.16 callback=8000100
ball 1/2 active=1 visible=1 release=0 xy=105.5,117.2 callback=8000100
ball 1/3 active=1 visible=1 release=0 xy=99.3999,-36.0401 callback=8000100
PASS: ball generation 1
ball 2/0 active=1 visible=1 release=0 xy=95.3999,7.95997 callback=8000100
ball 2/1 active=1 visible=0 release=0 xy=110.3,238.16 callback=8000100
ball 2/2 active=1 visible=1 release=0 xy=105.5,117.2 callback=8000100
ball 2/3 active=1 visible=1 release=0 xy=99.3999,-36.0401 callback=8000100
PASS: ball generation 2
ball 3/0 active=1 visible=1 release=0 xy=95.3999,7.95997 callback=8000100
ball 3/1 active=1 visible=0 release=0 xy=110.3,238.16 callback=8000100
ball 3/2 active=1 visible=1 release=0 xy=105.5,117.2 callback=8000100
ball 3/3 active=1 visible=1 release=0 xy=99.3999,-36.0401 callback=8000100
PASS: ball generation 3
PASS: original collision death rises briefly then falls under gravity
